../Core/Src/main.c:73:5:main	8	static
../Core/Src/main.c:121:6:SystemClock_Config	128	static
../Core/Src/main.c:185:13:MX_UART4_Init	8	static
../Core/Src/main.c:230:13:MX_USART6_UART_Init	8	static
../Core/Src/main.c:275:13:MX_GPIO_Init	64	static
../Core/Src/main.c:382:6:MPU_Config	24	static
../Core/Src/main.c:409:6:solenoidReadStatus	8	static
../Core/Src/main.c:422:6:solenoidController	16	static
../Core/Src/main.c:489:6:ledStatusController	16	static
../Core/Src/main.c:536:6:HAL_TIM_PeriodElapsedCallback	16	static
../Core/Src/main.c:552:6:Error_Handler	4	static,ignoring_inline_asm
